2025-12-29 16:27:17,465 - data_ingestion - INFO - log_ingestion_attempt:95 - Starting ingestion from upload: unknown
2025-12-29 16:27:20,654 - data_ingestion - INFO - log_ingestion_success:109 - Successfully ingested 6819 records from upload: unknown. Dataset ID: 08fafd6d-9063-4a36-bde2-a4244ca28c2e
2025-12-29 16:27:20,656 - data_ingestion - INFO - log_performance_metrics:175 - Performance: upload_ingestion completed in 3.19s. Processed 6819 records at 2138.41 records/sec
2025-12-29 16:29:00,678 - data_ingestion - INFO - log_ingestion_attempt:95 - Starting ingestion from upload: unknown
2025-12-29 16:29:05,331 - data_ingestion - INFO - log_ingestion_success:109 - Successfully ingested 6819 records from upload: unknown. Dataset ID: b8ebcb15-dc17-47eb-b436-2021f537f2bd
2025-12-29 16:29:05,372 - data_ingestion - INFO - log_performance_metrics:175 - Performance: upload_ingestion completed in 4.65s. Processed 6819 records at 1465.64 records/sec
2025-12-29 20:49:03,184 - data_ingestion - INFO - log_ingestion_attempt:95 - Starting ingestion from upload: unknown
2025-12-29 20:49:10,248 - data_ingestion - INFO - log_ingestion_success:109 - Successfully ingested 6819 records from upload: unknown. Dataset ID: bef2b832-e3a6-4d1f-9999-600c953cbb8f
2025-12-29 20:49:10,253 - data_ingestion - INFO - log_performance_metrics:175 - Performance: upload_ingestion completed in 7.06s. Processed 6819 records at 965.38 records/sec
2025-12-29 20:53:26,482 - data_ingestion - INFO - log_ingestion_attempt:95 - Starting ingestion from upload: unknown
2025-12-29 20:53:33,505 - data_ingestion - INFO - log_ingestion_success:109 - Successfully ingested 6819 records from upload: unknown. Dataset ID: ea07e73f-96d4-47aa-89be-140197a285ae
2025-12-29 20:53:33,505 - data_ingestion - INFO - log_performance_metrics:175 - Performance: upload_ingestion completed in 7.02s. Processed 6819 records at 970.96 records/sec
2025-12-30 20:48:28,077 - data_ingestion - INFO - log_ingestion_attempt:95 - Starting ingestion from upload: unknown
2025-12-30 20:48:35,119 - data_ingestion - INFO - log_ingestion_success:109 - Successfully ingested 6819 records from upload: unknown. Dataset ID: 4b38d51f-bfcd-43c5-b7a7-7d50637986ea
2025-12-30 20:48:35,119 - data_ingestion - INFO - log_performance_metrics:175 - Performance: upload_ingestion completed in 7.04s. Processed 6819 records at 968.29 records/sec
2025-12-30 21:14:16,722 - data_ingestion - INFO - log_ingestion_attempt:95 - Starting ingestion from upload: unknown
2025-12-30 21:14:24,612 - data_ingestion - INFO - log_ingestion_success:109 - Successfully ingested 6819 records from upload: unknown. Dataset ID: 19f65dce-4c17-47cb-b5a1-8027479f23a5
2025-12-30 21:14:24,612 - data_ingestion - INFO - log_performance_metrics:175 - Performance: upload_ingestion completed in 7.89s. Processed 6819 records at 864.20 records/sec
2025-12-30 21:14:47,352 - data_ingestion - INFO - log_ingestion_attempt:95 - Starting ingestion from upload: unknown
2025-12-30 21:14:55,341 - data_ingestion - INFO - log_ingestion_success:109 - Successfully ingested 6819 records from upload: unknown. Dataset ID: 5fc8afb8-2276-4acb-a73d-9d99a60c7437
2025-12-30 21:14:55,346 - data_ingestion - INFO - log_performance_metrics:175 - Performance: upload_ingestion completed in 7.99s. Processed 6819 records at 853.55 records/sec
2025-12-30 21:15:39,742 - data_ingestion - INFO - log_ingestion_attempt:95 - Starting ingestion from upload: unknown
2025-12-30 21:15:47,265 - data_ingestion - INFO - log_ingestion_success:109 - Successfully ingested 6819 records from upload: unknown. Dataset ID: 508278e1-1d0d-456f-b9a7-3a7ad655fe94
2025-12-30 21:15:47,265 - data_ingestion - INFO - log_performance_metrics:175 - Performance: upload_ingestion completed in 7.52s. Processed 6819 records at 906.44 records/sec
2025-12-30 21:19:04,536 - data_ingestion - INFO - log_ingestion_attempt:95 - Starting ingestion from upload: unknown
2025-12-30 21:19:11,663 - data_ingestion - INFO - log_ingestion_success:109 - Successfully ingested 6819 records from upload: unknown. Dataset ID: f64a0912-33e7-4754-9fad-b118583faa5c
2025-12-30 21:19:11,663 - data_ingestion - INFO - log_performance_metrics:175 - Performance: upload_ingestion completed in 7.13s. Processed 6819 records at 956.86 records/sec
2025-12-30 21:24:26,547 - data_ingestion - INFO - log_ingestion_attempt:95 - Starting ingestion from upload: unknown
2025-12-30 21:24:33,482 - data_ingestion - INFO - log_ingestion_success:109 - Successfully ingested 6819 records from upload: unknown. Dataset ID: 8fbca9d4-c16a-404d-b568-55bf2a09da9e
2025-12-30 21:24:33,485 - data_ingestion - INFO - log_performance_metrics:175 - Performance: upload_ingestion completed in 6.93s. Processed 6819 records at 983.34 records/sec
2025-12-30 21:27:16,501 - data_ingestion - INFO - log_ingestion_attempt:95 - Starting ingestion from upload: unknown
2025-12-30 21:27:23,526 - data_ingestion - INFO - log_ingestion_success:109 - Successfully ingested 6819 records from upload: unknown. Dataset ID: 2afe40c0-010e-428b-919e-ecbc5c076726
2025-12-30 21:27:23,539 - data_ingestion - INFO - log_performance_metrics:175 - Performance: upload_ingestion completed in 7.02s. Processed 6819 records at 970.80 records/sec
2025-12-30 21:28:06,736 - data_ingestion - INFO - log_ingestion_attempt:95 - Starting ingestion from upload: unknown
2025-12-30 21:28:13,086 - data_ingestion - INFO - log_ingestion_success:109 - Successfully ingested 6819 records from upload: unknown. Dataset ID: 5bbf0f0c-6429-453e-abf1-a8814634df7f
2025-12-30 21:28:13,086 - data_ingestion - INFO - log_performance_metrics:175 - Performance: upload_ingestion completed in 6.35s. Processed 6819 records at 1073.75 records/sec
2025-12-30 21:28:40,788 - data_ingestion - INFO - log_ingestion_attempt:95 - Starting ingestion from upload: unknown
2025-12-30 21:28:48,157 - data_ingestion - INFO - log_ingestion_success:109 - Successfully ingested 6819 records from upload: unknown. Dataset ID: f180b109-159f-44fc-ba78-409f3f8bc18b
2025-12-30 21:28:48,168 - data_ingestion - INFO - log_performance_metrics:175 - Performance: upload_ingestion completed in 7.37s. Processed 6819 records at 925.29 records/sec
2025-12-30 21:31:05,928 - data_ingestion - INFO - log_ingestion_attempt:95 - Starting ingestion from upload: unknown
2025-12-30 21:31:12,918 - data_ingestion - INFO - log_ingestion_success:109 - Successfully ingested 6819 records from upload: unknown. Dataset ID: f1e87fe9-cc2c-4e5b-9d3e-ce31a17e8ef7
2025-12-30 21:31:12,918 - data_ingestion - INFO - log_performance_metrics:175 - Performance: upload_ingestion completed in 6.99s. Processed 6819 records at 975.52 records/sec
2025-12-30 22:07:16,203 - data_ingestion - INFO - log_ingestion_attempt:95 - Starting ingestion from upload: unknown
2025-12-30 22:07:18,884 - data_ingestion - INFO - log_ingestion_success:109 - Successfully ingested 6819 records from upload: unknown. Dataset ID: a3467bf2-d7c5-43d9-b603-73c05b85eac9
2025-12-30 22:07:18,884 - data_ingestion - INFO - log_performance_metrics:175 - Performance: upload_ingestion completed in 2.68s. Processed 6819 records at 2543.12 records/sec
2025-12-30 22:23:52,796 - data_ingestion - INFO - log_ingestion_attempt:95 - Starting ingestion from upload: unknown
2025-12-30 22:23:57,198 - data_ingestion - INFO - log_ingestion_success:109 - Successfully ingested 6819 records from upload: unknown. Dataset ID: 1b8c0401-5504-4c77-94be-0a5da1d813ce
2025-12-30 22:23:57,198 - data_ingestion - INFO - log_performance_metrics:175 - Performance: upload_ingestion completed in 4.40s. Processed 6819 records at 1548.84 records/sec
2025-12-30 22:27:56,059 - data_ingestion - INFO - log_ingestion_attempt:95 - Starting ingestion from upload: unknown
2025-12-30 22:28:02,226 - data_ingestion - INFO - log_ingestion_success:109 - Successfully ingested 6819 records from upload: unknown. Dataset ID: a549d0c5-66fe-4938-8d05-a7b507f90b5e
2025-12-30 22:28:02,230 - data_ingestion - INFO - log_performance_metrics:175 - Performance: upload_ingestion completed in 6.17s. Processed 6819 records at 1105.71 records/sec
2025-12-30 22:33:43,530 - data_ingestion - INFO - log_ingestion_attempt:95 - Starting ingestion from upload: unknown
2025-12-30 22:33:48,426 - data_ingestion - INFO - log_ingestion_success:109 - Successfully ingested 6819 records from upload: unknown. Dataset ID: 42b06b8c-e7eb-445c-b558-c3a66bddc602
2025-12-30 22:33:48,426 - data_ingestion - INFO - log_performance_metrics:175 - Performance: upload_ingestion completed in 4.90s. Processed 6819 records at 1392.91 records/sec
2025-12-30 22:52:26,579 - data_ingestion - INFO - log_ingestion_attempt:95 - Starting ingestion from upload: unknown
2025-12-30 22:52:30,781 - data_ingestion - INFO - log_ingestion_success:109 - Successfully ingested 6819 records from upload: unknown. Dataset ID: 8776a83e-ba53-4dca-a70b-0d04b3f1ddb9
2025-12-30 22:52:30,781 - data_ingestion - INFO - log_performance_metrics:175 - Performance: upload_ingestion completed in 4.20s. Processed 6819 records at 1622.61 records/sec
2025-12-30 23:03:28,400 - data_ingestion - INFO - log_ingestion_attempt:95 - Starting ingestion from upload: unknown
2025-12-30 23:03:32,829 - data_ingestion - INFO - log_ingestion_success:109 - Successfully ingested 6819 records from upload: unknown. Dataset ID: 93d2a371-892f-4be4-aa89-aaa9724a6423
2025-12-30 23:03:32,830 - data_ingestion - INFO - log_performance_metrics:175 - Performance: upload_ingestion completed in 4.43s. Processed 6819 records at 1539.39 records/sec
2025-12-31 20:53:40,806 - data_ingestion - INFO - log_ingestion_attempt:95 - Starting ingestion from upload: unknown
2025-12-31 20:53:48,992 - data_ingestion - INFO - log_ingestion_success:109 - Successfully ingested 6819 records from upload: unknown. Dataset ID: a3b30764-8a2c-42d7-bee3-84e1dc12ca35
2025-12-31 20:53:48,993 - data_ingestion - INFO - log_performance_metrics:175 - Performance: upload_ingestion completed in 8.18s. Processed 6819 records at 833.39 records/sec
2025-12-31 21:31:53,861 - data_ingestion - INFO - log_ingestion_attempt:95 - Starting ingestion from upload: unknown
2025-12-31 21:32:00,506 - data_ingestion - INFO - log_ingestion_success:109 - Successfully ingested 6819 records from upload: unknown. Dataset ID: ea6af40a-55ab-4f1f-aaea-7c56904051e8
2025-12-31 21:32:00,508 - data_ingestion - INFO - log_performance_metrics:175 - Performance: upload_ingestion completed in 6.65s. Processed 6819 records at 1026.15 records/sec
2026-01-01 15:34:00,500 - data_ingestion - INFO - log_ingestion_attempt:95 - Starting ingestion from upload: unknown
2026-01-01 15:34:08,707 - data_ingestion - INFO - log_ingestion_success:109 - Successfully ingested 6819 records from upload: unknown. Dataset ID: 6bd37706-b28d-4960-9166-af1d994c012c
2026-01-01 15:34:08,710 - data_ingestion - INFO - log_performance_metrics:175 - Performance: upload_ingestion completed in 8.21s. Processed 6819 records at 830.95 records/sec
2026-01-03 14:21:56,061 - data_ingestion - INFO - log_ingestion_attempt:95 - Starting ingestion from upload: unknown
2026-01-03 14:21:57,031 - data_ingestion - INFO - log_ingestion_success:109 - Successfully ingested 1460 records from upload: unknown. Dataset ID: 97b6e94e-9c8c-44e2-9849-ea5668979908
2026-01-03 14:21:57,033 - data_ingestion - INFO - log_performance_metrics:175 - Performance: upload_ingestion completed in 0.97s. Processed 1460 records at 1504.80 records/sec
2026-01-03 14:27:02,958 - data_ingestion - INFO - log_ingestion_attempt:95 - Starting ingestion from upload: unknown
2026-01-03 14:27:03,837 - data_ingestion - INFO - log_ingestion_success:109 - Successfully ingested 1460 records from upload: unknown. Dataset ID: 3f6295e9-33bd-472f-b5ee-0a8301f2b415
2026-01-03 14:27:03,837 - data_ingestion - INFO - log_performance_metrics:175 - Performance: upload_ingestion completed in 0.88s. Processed 1460 records at 1661.25 records/sec
2026-01-03 14:43:56,393 - data_ingestion - INFO - log_ingestion_attempt:95 - Starting ingestion from upload: unknown
2026-01-03 14:43:57,290 - data_ingestion - INFO - log_ingestion_success:109 - Successfully ingested 1460 records from upload: unknown. Dataset ID: 3373dbef-6b98-43f6-b91b-b9ed86df6f88
2026-01-03 14:43:57,290 - data_ingestion - INFO - log_performance_metrics:175 - Performance: upload_ingestion completed in 0.90s. Processed 1460 records at 1627.67 records/sec
2026-01-05 15:04:23,634 - data_ingestion - INFO - log_ingestion_attempt:95 - Starting ingestion from upload: unknown
2026-01-05 15:04:24,494 - data_ingestion - INFO - log_ingestion_success:109 - Successfully ingested 1460 records from upload: unknown. Dataset ID: 6cebd9fb-70b5-439e-ac4d-386bc06d51e0
2026-01-05 15:04:24,495 - data_ingestion - INFO - log_performance_metrics:175 - Performance: upload_ingestion completed in 0.86s. Processed 1460 records at 1699.11 records/sec
2026-01-05 15:24:28,108 - data_ingestion - INFO - log_ingestion_attempt:95 - Starting ingestion from upload: unknown
2026-01-05 15:24:28,955 - data_ingestion - INFO - log_ingestion_success:109 - Successfully ingested 1460 records from upload: unknown. Dataset ID: 905cee99-a88c-434d-898b-6d85f3e1cc75
2026-01-05 15:24:28,955 - data_ingestion - INFO - log_performance_metrics:175 - Performance: upload_ingestion completed in 0.85s. Processed 1460 records at 1724.62 records/sec
2026-01-05 15:24:47,791 - data_ingestion - INFO - log_ingestion_attempt:95 - Starting ingestion from upload: unknown
2026-01-05 15:24:58,107 - data_ingestion - INFO - log_ingestion_success:109 - Successfully ingested 6819 records from upload: unknown. Dataset ID: 942ce691-45f3-4856-bbd3-b6304b221d59
2026-01-05 15:24:58,112 - data_ingestion - INFO - log_performance_metrics:175 - Performance: upload_ingestion completed in 10.32s. Processed 6819 records at 661.02 records/sec
2026-01-05 15:49:43,989 - data_ingestion - INFO - log_ingestion_attempt:95 - Starting ingestion from upload: unknown
2026-01-05 15:49:51,238 - data_ingestion - INFO - log_ingestion_success:109 - Successfully ingested 6819 records from upload: unknown. Dataset ID: e950a0b6-8e13-4b9d-aa20-30368a3c8353
2026-01-05 15:49:51,238 - data_ingestion - INFO - log_performance_metrics:175 - Performance: upload_ingestion completed in 7.25s. Processed 6819 records at 940.77 records/sec
2026-01-05 16:01:13,004 - data_ingestion - INFO - log_ingestion_attempt:95 - Starting ingestion from upload: unknown
2026-01-05 16:01:21,227 - data_ingestion - INFO - log_ingestion_success:109 - Successfully ingested 6819 records from upload: unknown. Dataset ID: 3deb5043-13a8-4041-a130-d75560060b88
2026-01-05 16:01:21,237 - data_ingestion - INFO - log_performance_metrics:175 - Performance: upload_ingestion completed in 8.22s. Processed 6819 records at 829.33 records/sec
2026-01-05 16:24:44,909 - data_ingestion - INFO - log_ingestion_attempt:95 - Starting ingestion from upload: unknown
2026-01-05 16:24:56,737 - data_ingestion - INFO - log_ingestion_success:109 - Successfully ingested 6819 records from upload: unknown. Dataset ID: f7f31e46-476c-40d9-9f3b-87fbfea3b363
2026-01-05 16:24:56,737 - data_ingestion - INFO - log_performance_metrics:175 - Performance: upload_ingestion completed in 11.83s. Processed 6819 records at 576.50 records/sec
2026-01-05 16:24:57,411 - data_ingestion - INFO - log_ingestion_attempt:95 - Starting ingestion from upload: unknown
2026-01-05 16:25:04,943 - data_ingestion - INFO - log_ingestion_success:109 - Successfully ingested 6819 records from upload: unknown. Dataset ID: 6cd41e65-4e23-417b-b0ef-76f39db05692
2026-01-05 16:25:04,943 - data_ingestion - INFO - log_performance_metrics:175 - Performance: upload_ingestion completed in 7.53s. Processed 6819 records at 905.24 records/sec
2026-01-05 16:31:10,389 - data_ingestion - INFO - log_ingestion_attempt:95 - Starting ingestion from upload: unknown
2026-01-05 16:31:15,088 - data_ingestion - INFO - log_ingestion_success:109 - Successfully ingested 6819 records from upload: unknown. Dataset ID: f1f7626c-f6a5-47c9-aef5-84c9f325d997
2026-01-05 16:31:15,088 - data_ingestion - INFO - log_performance_metrics:175 - Performance: upload_ingestion completed in 4.70s. Processed 6819 records at 1451.07 records/sec
2026-01-05 16:32:17,913 - data_ingestion - INFO - log_ingestion_attempt:95 - Starting ingestion from upload: unknown
2026-01-05 16:32:22,393 - data_ingestion - INFO - log_ingestion_success:109 - Successfully ingested 6819 records from upload: unknown. Dataset ID: d1661e4d-b2f6-4b9f-b0f5-e540fb27fd96
2026-01-05 16:32:22,400 - data_ingestion - INFO - log_performance_metrics:175 - Performance: upload_ingestion completed in 4.48s. Processed 6819 records at 1522.05 records/sec
2026-01-05 16:32:33,535 - data_ingestion - INFO - log_ingestion_attempt:95 - Starting ingestion from upload: unknown
2026-01-05 16:32:38,156 - data_ingestion - INFO - log_ingestion_success:109 - Successfully ingested 6819 records from upload: unknown. Dataset ID: 19770dcc-c4b6-4d1f-8dae-5db290a39ac6
2026-01-05 16:32:38,157 - data_ingestion - INFO - log_performance_metrics:175 - Performance: upload_ingestion completed in 4.62s. Processed 6819 records at 1475.66 records/sec
2026-01-05 16:34:38,552 - data_ingestion - INFO - log_ingestion_attempt:95 - Starting ingestion from upload: unknown
2026-01-05 16:34:43,178 - data_ingestion - INFO - log_ingestion_success:109 - Successfully ingested 6819 records from upload: unknown. Dataset ID: b6b18510-f047-46d3-ad49-c3dccb55f905
2026-01-05 16:34:43,178 - data_ingestion - INFO - log_performance_metrics:175 - Performance: upload_ingestion completed in 4.63s. Processed 6819 records at 1474.30 records/sec
2026-01-05 16:36:50,452 - data_ingestion - INFO - log_ingestion_attempt:95 - Starting ingestion from upload: unknown
2026-01-05 16:36:55,473 - data_ingestion - INFO - log_ingestion_success:109 - Successfully ingested 6819 records from upload: unknown. Dataset ID: 67a81d4f-279f-4287-98a7-b2c8fa9e5491
2026-01-05 16:36:55,479 - data_ingestion - INFO - log_performance_metrics:175 - Performance: upload_ingestion completed in 5.02s. Processed 6819 records at 1358.19 records/sec
2026-01-05 16:37:00,317 - data_ingestion - INFO - log_ingestion_attempt:95 - Starting ingestion from upload: unknown
2026-01-05 16:37:05,588 - data_ingestion - INFO - log_ingestion_success:109 - Successfully ingested 6819 records from upload: unknown. Dataset ID: a2ad7111-c27c-4343-8429-3dfdba9ed612
2026-01-05 16:37:05,589 - data_ingestion - INFO - log_performance_metrics:175 - Performance: upload_ingestion completed in 5.27s. Processed 6819 records at 1293.79 records/sec
2026-01-05 16:42:44,898 - data_ingestion - INFO - log_ingestion_attempt:95 - Starting ingestion from upload: unknown
2026-01-05 16:42:45,951 - data_ingestion - INFO - log_ingestion_success:109 - Successfully ingested 1460 records from upload: unknown. Dataset ID: 44c4a1dd-e041-4a28-8e1f-2d1e44367aec
2026-01-05 16:42:45,957 - data_ingestion - INFO - log_performance_metrics:175 - Performance: upload_ingestion completed in 1.05s. Processed 1460 records at 1386.47 records/sec
2026-01-05 16:44:48,656 - data_ingestion - INFO - log_ingestion_attempt:95 - Starting ingestion from upload: unknown
2026-01-05 16:44:50,225 - data_ingestion - INFO - log_ingestion_success:109 - Successfully ingested 1460 records from upload: unknown. Dataset ID: d7ccb279-e4ce-4ce4-b8ba-069151ab9d01
2026-01-05 16:44:50,225 - data_ingestion - INFO - log_performance_metrics:175 - Performance: upload_ingestion completed in 1.57s. Processed 1460 records at 930.30 records/sec
2026-01-05 16:45:56,010 - data_ingestion - INFO - log_ingestion_attempt:95 - Starting ingestion from upload: unknown
2026-01-05 16:46:01,551 - data_ingestion - INFO - log_ingestion_success:109 - Successfully ingested 6819 records from upload: unknown. Dataset ID: ce28be71-980e-4019-989a-21aea86be4ae
2026-01-05 16:46:01,553 - data_ingestion - INFO - log_performance_metrics:175 - Performance: upload_ingestion completed in 5.54s. Processed 6819 records at 1230.72 records/sec
2026-01-05 16:46:37,980 - data_ingestion - INFO - log_ingestion_attempt:95 - Starting ingestion from upload: unknown
2026-01-05 16:46:43,555 - data_ingestion - INFO - log_ingestion_success:109 - Successfully ingested 6819 records from upload: unknown. Dataset ID: e3558f3a-cf2a-4745-b7cd-1d3584cc9a4b
2026-01-05 16:46:43,555 - data_ingestion - INFO - log_performance_metrics:175 - Performance: upload_ingestion completed in 5.57s. Processed 6819 records at 1223.16 records/sec
2026-01-05 16:50:35,931 - data_ingestion - INFO - log_ingestion_attempt:95 - Starting ingestion from upload: unknown
2026-01-05 16:50:36,782 - data_ingestion - INFO - log_ingestion_success:109 - Successfully ingested 1460 records from upload: unknown. Dataset ID: 02e94af2-a972-406e-bb49-9f9af3d3ca41
2026-01-05 16:50:36,784 - data_ingestion - INFO - log_performance_metrics:175 - Performance: upload_ingestion completed in 0.85s. Processed 1460 records at 1714.97 records/sec
2026-01-05 20:34:25,284 - data_ingestion - INFO - log_ingestion_attempt:95 - Starting ingestion from upload: unknown
2026-01-05 20:34:26,703 - data_ingestion - INFO - log_ingestion_success:109 - Successfully ingested 1460 records from upload: unknown. Dataset ID: 1cadc0cd-733d-4405-b594-44aec3f71453
2026-01-05 20:34:26,703 - data_ingestion - INFO - log_performance_metrics:175 - Performance: upload_ingestion completed in 1.42s. Processed 1460 records at 1029.42 records/sec
2026-01-05 20:43:35,309 - data_ingestion - INFO - log_ingestion_attempt:95 - Starting ingestion from upload: unknown
2026-01-05 20:43:36,155 - data_ingestion - INFO - log_ingestion_success:109 - Successfully ingested 1460 records from upload: unknown. Dataset ID: 641487fa-9ed8-4a36-8f2e-fdd7bdd4e41d
2026-01-05 20:43:36,159 - data_ingestion - INFO - log_performance_metrics:175 - Performance: upload_ingestion completed in 0.85s. Processed 1460 records at 1725.72 records/sec
2026-01-05 21:24:11,137 - data_ingestion - INFO - log_ingestion_attempt:95 - Starting ingestion from upload: unknown
2026-01-05 21:24:11,543 - data_ingestion - INFO - log_ingestion_success:109 - Successfully ingested 1460 records from upload: unknown. Dataset ID: 854e766e-4d5d-45b0-8898-b549108b56c9
2026-01-05 21:24:11,543 - data_ingestion - INFO - log_performance_metrics:175 - Performance: upload_ingestion completed in 0.41s. Processed 1460 records at 3596.37 records/sec
2026-01-05 21:30:15,593 - data_ingestion - INFO - log_ingestion_attempt:95 - Starting ingestion from upload: unknown
2026-01-05 21:30:16,443 - data_ingestion - INFO - log_ingestion_success:109 - Successfully ingested 1460 records from upload: unknown. Dataset ID: d16a0d24-953d-47a9-94f1-3cf2ead55093
2026-01-05 21:30:16,445 - data_ingestion - INFO - log_performance_metrics:175 - Performance: upload_ingestion completed in 0.85s. Processed 1460 records at 1718.02 records/sec
2026-01-06 19:41:41,285 - data_ingestion - INFO - log_ingestion_attempt:95 - Starting ingestion from upload: unknown
2026-01-06 19:41:41,476 - data_ingestion - INFO - log_ingestion_success:109 - Successfully ingested 891 records from upload: unknown. Dataset ID: e51c5d05-2b3f-43a9-af39-751b697aaab4
2026-01-06 19:41:41,484 - data_ingestion - INFO - log_performance_metrics:175 - Performance: upload_ingestion completed in 0.19s. Processed 891 records at 4667.46 records/sec
2026-01-06 19:55:30,879 - data_ingestion - INFO - log_ingestion_attempt:95 - Starting ingestion from upload: unknown
2026-01-06 19:55:31,020 - data_ingestion - INFO - log_ingestion_success:109 - Successfully ingested 891 records from upload: unknown. Dataset ID: 682d1473-fbe0-4f2a-b570-a0729326ed81
2026-01-06 19:55:31,020 - data_ingestion - INFO - log_performance_metrics:175 - Performance: upload_ingestion completed in 0.14s. Processed 891 records at 6289.61 records/sec
2026-01-06 19:59:45,715 - data_ingestion - INFO - log_ingestion_attempt:95 - Starting ingestion from upload: unknown
2026-01-06 19:59:45,832 - data_ingestion - INFO - log_ingestion_success:109 - Successfully ingested 891 records from upload: unknown. Dataset ID: 612dc1e3-761c-4362-8531-b4f5ed885cb5
2026-01-06 19:59:45,832 - data_ingestion - INFO - log_performance_metrics:175 - Performance: upload_ingestion completed in 0.12s. Processed 891 records at 7566.98 records/sec
2026-01-06 20:06:30,615 - data_ingestion - INFO - log_ingestion_attempt:95 - Starting ingestion from upload: unknown
2026-01-06 20:06:30,810 - data_ingestion - INFO - log_ingestion_success:109 - Successfully ingested 418 records from upload: unknown. Dataset ID: 52ad26c3-d18e-4182-a0d7-80679f17ba3d
2026-01-06 20:06:30,810 - data_ingestion - INFO - log_performance_metrics:175 - Performance: upload_ingestion completed in 0.19s. Processed 418 records at 2145.81 records/sec
2026-01-06 20:16:10,864 - data_ingestion - INFO - log_ingestion_attempt:95 - Starting ingestion from upload: unknown
2026-01-06 20:16:10,987 - data_ingestion - INFO - log_ingestion_success:109 - Successfully ingested 418 records from upload: unknown. Dataset ID: b0e723ba-e51a-4507-bb5c-353a62a52f97
2026-01-06 20:16:10,989 - data_ingestion - INFO - log_performance_metrics:175 - Performance: upload_ingestion completed in 0.12s. Processed 418 records at 3388.89 records/sec
2026-01-06 20:17:31,929 - data_ingestion - INFO - log_ingestion_attempt:95 - Starting ingestion from upload: unknown
2026-01-06 20:17:32,098 - data_ingestion - INFO - log_ingestion_success:109 - Successfully ingested 891 records from upload: unknown. Dataset ID: 21a80344-d0ae-42c3-b912-81c9b7f90e7b
2026-01-06 20:17:32,099 - data_ingestion - INFO - log_performance_metrics:175 - Performance: upload_ingestion completed in 0.17s. Processed 891 records at 5284.01 records/sec
2026-01-06 20:25:28,847 - data_ingestion - INFO - log_ingestion_attempt:95 - Starting ingestion from upload: unknown
2026-01-06 20:25:28,989 - data_ingestion - INFO - log_ingestion_success:109 - Successfully ingested 418 records from upload: unknown. Dataset ID: b49d924c-f694-4b0d-90df-0ec4ae0b64ac
2026-01-06 20:25:28,989 - data_ingestion - INFO - log_performance_metrics:175 - Performance: upload_ingestion completed in 0.14s. Processed 418 records at 2939.20 records/sec
2026-01-06 20:29:33,147 - data_ingestion - INFO - log_ingestion_attempt:95 - Starting ingestion from upload: unknown
2026-01-06 20:29:33,329 - data_ingestion - INFO - log_ingestion_success:109 - Successfully ingested 891 records from upload: unknown. Dataset ID: b481159d-4371-47bf-891a-c4148903cbf8
2026-01-06 20:29:33,329 - data_ingestion - INFO - log_performance_metrics:175 - Performance: upload_ingestion completed in 0.18s. Processed 891 records at 4915.15 records/sec
2026-01-06 20:34:29,786 - data_ingestion - INFO - log_ingestion_attempt:95 - Starting ingestion from upload: unknown
2026-01-06 20:34:29,923 - data_ingestion - INFO - log_ingestion_success:109 - Successfully ingested 418 records from upload: unknown. Dataset ID: ec99b326-0f0a-4635-ac41-9b5a38e6a113
2026-01-06 20:34:29,925 - data_ingestion - INFO - log_performance_metrics:175 - Performance: upload_ingestion completed in 0.14s. Processed 418 records at 3077.17 records/sec
2026-01-06 20:36:28,447 - data_ingestion - INFO - log_ingestion_attempt:95 - Starting ingestion from upload: unknown
2026-01-06 20:36:28,598 - data_ingestion - INFO - log_ingestion_success:109 - Successfully ingested 418 records from upload: unknown. Dataset ID: 5a6a73d4-44f6-4347-b440-04b811f5e374
2026-01-06 20:36:28,600 - data_ingestion - INFO - log_performance_metrics:175 - Performance: upload_ingestion completed in 0.15s. Processed 418 records at 2754.93 records/sec
2026-01-11 10:46:41,570 - data_ingestion - INFO - log_ingestion_attempt:95 - Starting ingestion from upload: unknown
2026-01-11 10:46:41,710 - data_ingestion - INFO - log_ingestion_success:109 - Successfully ingested 891 records from upload: unknown. Dataset ID: f9ae7795-226b-41fb-a122-d7a73c901498
2026-01-11 10:46:41,713 - data_ingestion - INFO - log_performance_metrics:175 - Performance: upload_ingestion completed in 0.14s. Processed 891 records at 6386.82 records/sec
2026-01-11 10:55:35,815 - data_ingestion - INFO - log_ingestion_attempt:95 - Starting ingestion from upload: unknown
2026-01-11 10:55:35,937 - data_ingestion - INFO - log_ingestion_success:109 - Successfully ingested 891 records from upload: unknown. Dataset ID: b1390e89-6796-4673-8601-71a11718ca6f
2026-01-11 10:55:35,937 - data_ingestion - INFO - log_performance_metrics:175 - Performance: upload_ingestion completed in 0.12s. Processed 891 records at 7358.59 records/sec
2026-01-11 10:56:45,083 - data_ingestion - INFO - log_ingestion_attempt:95 - Starting ingestion from upload: unknown
2026-01-11 10:56:45,184 - data_ingestion - INFO - log_ingestion_success:109 - Successfully ingested 418 records from upload: unknown. Dataset ID: ebc579a6-5acd-4ae5-a550-520ef623fe68
2026-01-11 10:56:45,184 - data_ingestion - INFO - log_performance_metrics:175 - Performance: upload_ingestion completed in 0.10s. Processed 418 records at 4130.29 records/sec
2026-01-11 11:04:10,687 - data_ingestion - INFO - log_ingestion_attempt:95 - Starting ingestion from upload: unknown
2026-01-11 11:04:10,772 - data_ingestion - INFO - log_ingestion_success:109 - Successfully ingested 418 records from upload: unknown. Dataset ID: 69c79ab2-4350-4d35-be97-0673c1f26c6b
2026-01-11 11:04:10,772 - data_ingestion - INFO - log_performance_metrics:175 - Performance: upload_ingestion completed in 0.08s. Processed 418 records at 4945.69 records/sec
2026-01-11 11:10:57,157 - data_ingestion - INFO - log_ingestion_attempt:95 - Starting ingestion from upload: unknown
2026-01-11 11:10:57,435 - data_ingestion - INFO - log_ingestion_success:109 - Successfully ingested 891 records from upload: unknown. Dataset ID: 0834803b-1ec4-4314-a76a-b094958bf162
2026-01-11 11:10:57,435 - data_ingestion - INFO - log_performance_metrics:175 - Performance: upload_ingestion completed in 0.28s. Processed 891 records at 3200.90 records/sec
2026-01-11 11:40:10,210 - data_ingestion - INFO - log_ingestion_attempt:95 - Starting ingestion from api: https://jsonplaceholder.typicode.com/posts
2026-01-11 11:40:11,256 - data_ingestion - ERROR - log_ingestion_error:130 - Failed to ingest from api: https://jsonplaceholder.typicode.com/posts. Error: Failed to ingest from API: Unsupported response content type: <class 'list'>
Traceback (most recent call last):
  File "C:\Users\lenovo\Desktop\datalab\ingestion\api_ingestor.py", line 82, in ingest
    data = self._parse_response(response_data)
           ^^^^^^^^^^^^^^^^^^^^^^^^^^^^^^^^^^^
  File "C:\Users\lenovo\Desktop\datalab\ingestion\api_ingestor.py", line 202, in _parse_response
    raise IngestionError(f"Unsupported response content type: {type(content)}")
ingestion.base_ingestor.IngestionError: Unsupported response content type: <class 'list'>

During handling of the above exception, another exception occurred:

Traceback (most recent call last):
  File "C:\Users\lenovo\Desktop\datalab\ingestion\ingestion_registry.py", line 99, in ingest
    dataset = ingestor.ingest()
              ^^^^^^^^^^^^^^^^^
  File "C:\Users\lenovo\Desktop\datalab\ingestion\api_ingestor.py", line 114, in ingest
    raise IngestionError(f"Failed to ingest from API: {str(e)}")
ingestion.base_ingestor.IngestionError: Failed to ingest from API: Unsupported response content type: <class 'list'>
2026-01-11 11:40:23,527 - data_ingestion - INFO - log_ingestion_attempt:95 - Starting ingestion from api: https://jsonplaceholder.typicode.com/posts
2026-01-11 11:40:24,606 - data_ingestion - ERROR - log_ingestion_error:130 - Failed to ingest from api: https://jsonplaceholder.typicode.com/posts. Error: Failed to ingest from API: Unsupported response content type: <class 'list'>
Traceback (most recent call last):
  File "C:\Users\lenovo\Desktop\datalab\ingestion\api_ingestor.py", line 82, in ingest
    data = self._parse_response(response_data)
           ^^^^^^^^^^^^^^^^^^^^^^^^^^^^^^^^^^^
  File "C:\Users\lenovo\Desktop\datalab\ingestion\api_ingestor.py", line 202, in _parse_response
    raise IngestionError(f"Unsupported response content type: {type(content)}")
ingestion.base_ingestor.IngestionError: Unsupported response content type: <class 'list'>

During handling of the above exception, another exception occurred:

Traceback (most recent call last):
  File "C:\Users\lenovo\Desktop\datalab\ingestion\ingestion_registry.py", line 99, in ingest
    dataset = ingestor.ingest()
              ^^^^^^^^^^^^^^^^^
  File "C:\Users\lenovo\Desktop\datalab\ingestion\api_ingestor.py", line 114, in ingest
    raise IngestionError(f"Failed to ingest from API: {str(e)}")
ingestion.base_ingestor.IngestionError: Failed to ingest from API: Unsupported response content type: <class 'list'>
2026-01-11 11:41:21,104 - data_ingestion - INFO - log_ingestion_attempt:95 - Starting ingestion from api: https://api.open-meteo.com/v1/forecast
2026-01-11 11:41:22,822 - data_ingestion - ERROR - log_ingestion_error:130 - Failed to ingest from api: https://api.open-meteo.com/v1/forecast. Error: Failed to ingest from API: HTTP request failed: Expecting value: line 1 column 1 (char 0)
Traceback (most recent call last):
  File "C:\Users\lenovo\miniconda3\envs\sttfs\Lib\site-packages\requests\models.py", line 971, in json
    return complexjson.loads(self.text, **kwargs)
           ^^^^^^^^^^^^^^^^^^^^^^^^^^^^^^^^^^^^^^
  File "C:\Users\lenovo\miniconda3\envs\sttfs\Lib\json\__init__.py", line 346, in loads
    return _default_decoder.decode(s)
           ^^^^^^^^^^^^^^^^^^^^^^^^^^
  File "C:\Users\lenovo\miniconda3\envs\sttfs\Lib\json\decoder.py", line 337, in decode
    obj, end = self.raw_decode(s, idx=_w(s, 0).end())
               ^^^^^^^^^^^^^^^^^^^^^^^^^^^^^^^^^^^^^^
  File "C:\Users\lenovo\miniconda3\envs\sttfs\Lib\json\decoder.py", line 355, in raw_decode
    raise JSONDecodeError("Expecting value", s, err.value) from None
json.decoder.JSONDecodeError: Expecting value: line 1 column 1 (char 0)

During handling of the above exception, another exception occurred:

Traceback (most recent call last):
  File "C:\Users\lenovo\Desktop\datalab\ingestion\api_ingestor.py", line 140, in _make_request
    'content': response.json() if 'application/json' in response.headers.get('content-type', '') else response.text
               ^^^^^^^^^^^^^^^
  File "C:\Users\lenovo\miniconda3\envs\sttfs\Lib\site-packages\requests\models.py", line 975, in json
    raise RequestsJSONDecodeError(e.msg, e.doc, e.pos)
requests.exceptions.JSONDecodeError: Expecting value: line 1 column 1 (char 0)

During handling of the above exception, another exception occurred:

Traceback (most recent call last):
  File "C:\Users\lenovo\Desktop\datalab\ingestion\api_ingestor.py", line 79, in ingest
    response_data = self._make_request()
                    ^^^^^^^^^^^^^^^^^^^^
  File "C:\Users\lenovo\Desktop\datalab\ingestion\api_ingestor.py", line 144, in _make_request
    raise IngestionError(f"HTTP request failed: {str(e)}")
ingestion.base_ingestor.IngestionError: HTTP request failed: Expecting value: line 1 column 1 (char 0)

During handling of the above exception, another exception occurred:

Traceback (most recent call last):
  File "C:\Users\lenovo\Desktop\datalab\ingestion\ingestion_registry.py", line 99, in ingest
    dataset = ingestor.ingest()
              ^^^^^^^^^^^^^^^^^
  File "C:\Users\lenovo\Desktop\datalab\ingestion\api_ingestor.py", line 114, in ingest
    raise IngestionError(f"Failed to ingest from API: {str(e)}")
ingestion.base_ingestor.IngestionError: Failed to ingest from API: HTTP request failed: Expecting value: line 1 column 1 (char 0)
2026-01-11 11:42:38,438 - data_ingestion - INFO - log_ingestion_attempt:95 - Starting ingestion from api: https://jsonplaceholder.typicode.com/posts
2026-01-11 11:42:40,507 - data_ingestion - ERROR - log_ingestion_error:130 - Failed to ingest from api: https://jsonplaceholder.typicode.com/posts. Error: Failed to ingest from API: Unsupported response content type: <class 'list'>
Traceback (most recent call last):
  File "C:\Users\lenovo\Desktop\datalab\ingestion\api_ingestor.py", line 82, in ingest
    data = self._parse_response(response_data)
           ^^^^^^^^^^^^^^^^^^^^^^^^^^^^^^^^^^^
  File "C:\Users\lenovo\Desktop\datalab\ingestion\api_ingestor.py", line 202, in _parse_response
    raise IngestionError(f"Unsupported response content type: {type(content)}")
ingestion.base_ingestor.IngestionError: Unsupported response content type: <class 'list'>

During handling of the above exception, another exception occurred:

Traceback (most recent call last):
  File "C:\Users\lenovo\Desktop\datalab\ingestion\ingestion_registry.py", line 99, in ingest
    dataset = ingestor.ingest()
              ^^^^^^^^^^^^^^^^^
  File "C:\Users\lenovo\Desktop\datalab\ingestion\api_ingestor.py", line 114, in ingest
    raise IngestionError(f"Failed to ingest from API: {str(e)}")
ingestion.base_ingestor.IngestionError: Failed to ingest from API: Unsupported response content type: <class 'list'>
2026-01-11 11:45:39,413 - data_ingestion - INFO - log_ingestion_attempt:95 - Starting ingestion from api: https://api.open-meteo.com/v1/forecast
2026-01-11 11:45:41,101 - data_ingestion - ERROR - log_ingestion_error:130 - Failed to ingest from api: https://api.open-meteo.com/v1/forecast. Error: Failed to ingest from API: HTTP request failed: Expecting value: line 1 column 1 (char 0)
Traceback (most recent call last):
  File "C:\Users\lenovo\miniconda3\envs\sttfs\Lib\site-packages\requests\models.py", line 971, in json
    return complexjson.loads(self.text, **kwargs)
           ^^^^^^^^^^^^^^^^^^^^^^^^^^^^^^^^^^^^^^
  File "C:\Users\lenovo\miniconda3\envs\sttfs\Lib\json\__init__.py", line 346, in loads
    return _default_decoder.decode(s)
           ^^^^^^^^^^^^^^^^^^^^^^^^^^
  File "C:\Users\lenovo\miniconda3\envs\sttfs\Lib\json\decoder.py", line 337, in decode
    obj, end = self.raw_decode(s, idx=_w(s, 0).end())
               ^^^^^^^^^^^^^^^^^^^^^^^^^^^^^^^^^^^^^^
  File "C:\Users\lenovo\miniconda3\envs\sttfs\Lib\json\decoder.py", line 355, in raw_decode
    raise JSONDecodeError("Expecting value", s, err.value) from None
json.decoder.JSONDecodeError: Expecting value: line 1 column 1 (char 0)

During handling of the above exception, another exception occurred:

Traceback (most recent call last):
  File "C:\Users\lenovo\Desktop\datalab\ingestion\api_ingestor.py", line 140, in _make_request
    'content': response.json() if 'application/json' in response.headers.get('content-type', '') else response.text
               ^^^^^^^^^^^^^^^
  File "C:\Users\lenovo\miniconda3\envs\sttfs\Lib\site-packages\requests\models.py", line 975, in json
    raise RequestsJSONDecodeError(e.msg, e.doc, e.pos)
requests.exceptions.JSONDecodeError: Expecting value: line 1 column 1 (char 0)

During handling of the above exception, another exception occurred:

Traceback (most recent call last):
  File "C:\Users\lenovo\Desktop\datalab\ingestion\api_ingestor.py", line 79, in ingest
    response_data = self._make_request()
                    ^^^^^^^^^^^^^^^^^^^^
  File "C:\Users\lenovo\Desktop\datalab\ingestion\api_ingestor.py", line 144, in _make_request
    raise IngestionError(f"HTTP request failed: {str(e)}")
ingestion.base_ingestor.IngestionError: HTTP request failed: Expecting value: line 1 column 1 (char 0)

During handling of the above exception, another exception occurred:

Traceback (most recent call last):
  File "C:\Users\lenovo\Desktop\datalab\ingestion\ingestion_registry.py", line 99, in ingest
    dataset = ingestor.ingest()
              ^^^^^^^^^^^^^^^^^
  File "C:\Users\lenovo\Desktop\datalab\ingestion\api_ingestor.py", line 114, in ingest
    raise IngestionError(f"Failed to ingest from API: {str(e)}")
ingestion.base_ingestor.IngestionError: Failed to ingest from API: HTTP request failed: Expecting value: line 1 column 1 (char 0)
2026-01-11 11:46:00,260 - data_ingestion - INFO - log_ingestion_attempt:95 - Starting ingestion from api: https://jsonplaceholder.typicode.com/posts
2026-01-11 11:46:02,290 - data_ingestion - INFO - log_ingestion_success:109 - Successfully ingested 100 records from api: https://jsonplaceholder.typicode.com/posts. Dataset ID: b23fa6ab-cc9c-45f3-8b34-d99b73d150ce
2026-01-11 11:46:02,290 - data_ingestion - INFO - log_performance_metrics:175 - Performance: api_ingestion completed in 2.03s. Processed 100 records at 49.24 records/sec
2026-01-11 11:48:42,803 - data_ingestion - INFO - log_ingestion_attempt:95 - Starting ingestion from api: https://api.open-meteo.com/v1/forecast
2026-01-11 11:48:43,915 - data_ingestion - ERROR - log_ingestion_error:130 - Failed to ingest from api: https://api.open-meteo.com/v1/forecast. Error: Failed to ingest from API: HTTP request failed: Expecting value: line 1 column 1 (char 0)
Traceback (most recent call last):
  File "C:\Users\lenovo\miniconda3\envs\sttfs\Lib\site-packages\requests\models.py", line 971, in json
    return complexjson.loads(self.text, **kwargs)
           ^^^^^^^^^^^^^^^^^^^^^^^^^^^^^^^^^^^^^^
  File "C:\Users\lenovo\miniconda3\envs\sttfs\Lib\json\__init__.py", line 346, in loads
    return _default_decoder.decode(s)
           ^^^^^^^^^^^^^^^^^^^^^^^^^^
  File "C:\Users\lenovo\miniconda3\envs\sttfs\Lib\json\decoder.py", line 337, in decode
    obj, end = self.raw_decode(s, idx=_w(s, 0).end())
               ^^^^^^^^^^^^^^^^^^^^^^^^^^^^^^^^^^^^^^
  File "C:\Users\lenovo\miniconda3\envs\sttfs\Lib\json\decoder.py", line 355, in raw_decode
    raise JSONDecodeError("Expecting value", s, err.value) from None
json.decoder.JSONDecodeError: Expecting value: line 1 column 1 (char 0)

During handling of the above exception, another exception occurred:

Traceback (most recent call last):
  File "C:\Users\lenovo\Desktop\datalab\ingestion\api_ingestor.py", line 140, in _make_request
    'content': response.json() if 'application/json' in response.headers.get('content-type', '') else response.text
               ^^^^^^^^^^^^^^^
  File "C:\Users\lenovo\miniconda3\envs\sttfs\Lib\site-packages\requests\models.py", line 975, in json
    raise RequestsJSONDecodeError(e.msg, e.doc, e.pos)
requests.exceptions.JSONDecodeError: Expecting value: line 1 column 1 (char 0)

During handling of the above exception, another exception occurred:

Traceback (most recent call last):
  File "C:\Users\lenovo\Desktop\datalab\ingestion\api_ingestor.py", line 79, in ingest
    response_data = self._make_request()
                    ^^^^^^^^^^^^^^^^^^^^
  File "C:\Users\lenovo\Desktop\datalab\ingestion\api_ingestor.py", line 144, in _make_request
    raise IngestionError(f"HTTP request failed: {str(e)}")
ingestion.base_ingestor.IngestionError: HTTP request failed: Expecting value: line 1 column 1 (char 0)

During handling of the above exception, another exception occurred:

Traceback (most recent call last):
  File "C:\Users\lenovo\Desktop\datalab\ingestion\ingestion_registry.py", line 99, in ingest
    dataset = ingestor.ingest()
              ^^^^^^^^^^^^^^^^^
  File "C:\Users\lenovo\Desktop\datalab\ingestion\api_ingestor.py", line 114, in ingest
    raise IngestionError(f"Failed to ingest from API: {str(e)}")
ingestion.base_ingestor.IngestionError: Failed to ingest from API: HTTP request failed: Expecting value: line 1 column 1 (char 0)
2026-01-11 11:50:05,805 - data_ingestion - INFO - log_ingestion_attempt:95 - Starting ingestion from api:  https://api.open-meteo.com/v1/forecast?latitude=31.63&longitude=-8.00&current_weather=true
2026-01-11 11:50:05,807 - data_ingestion - ERROR - log_ingestion_error:130 - Failed to ingest from api:  https://api.open-meteo.com/v1/forecast?latitude=31.63&longitude=-8.00&current_weather=true. Error: Failed to ingest from API: Invalid API configuration
Traceback (most recent call last):
  File "C:\Users\lenovo\Desktop\datalab\ingestion\api_ingestor.py", line 76, in ingest
    raise IngestionError("Invalid API configuration")
ingestion.base_ingestor.IngestionError: Invalid API configuration

During handling of the above exception, another exception occurred:

Traceback (most recent call last):
  File "C:\Users\lenovo\Desktop\datalab\ingestion\ingestion_registry.py", line 99, in ingest
    dataset = ingestor.ingest()
              ^^^^^^^^^^^^^^^^^
  File "C:\Users\lenovo\Desktop\datalab\ingestion\api_ingestor.py", line 114, in ingest
    raise IngestionError(f"Failed to ingest from API: {str(e)}")
ingestion.base_ingestor.IngestionError: Failed to ingest from API: Invalid API configuration
2026-01-11 11:51:24,230 - data_ingestion - INFO - log_ingestion_attempt:95 - Starting ingestion from api:  https://api.open-meteo.com/v1/forecast?latitude=31.63&longitude=-8.00&current_weather=true
2026-01-11 11:51:24,241 - data_ingestion - ERROR - log_ingestion_error:130 - Failed to ingest from api:  https://api.open-meteo.com/v1/forecast?latitude=31.63&longitude=-8.00&current_weather=true. Error: Failed to ingest from API: Invalid API configuration
Traceback (most recent call last):
  File "C:\Users\lenovo\Desktop\datalab\ingestion\api_ingestor.py", line 76, in ingest
    raise IngestionError("Invalid API configuration")
ingestion.base_ingestor.IngestionError: Invalid API configuration

During handling of the above exception, another exception occurred:

Traceback (most recent call last):
  File "C:\Users\lenovo\Desktop\datalab\ingestion\ingestion_registry.py", line 99, in ingest
    dataset = ingestor.ingest()
              ^^^^^^^^^^^^^^^^^
  File "C:\Users\lenovo\Desktop\datalab\ingestion\api_ingestor.py", line 114, in ingest
    raise IngestionError(f"Failed to ingest from API: {str(e)}")
ingestion.base_ingestor.IngestionError: Failed to ingest from API: Invalid API configuration
2026-01-11 11:58:22,136 - data_ingestion - INFO - log_ingestion_attempt:95 - Starting ingestion from api:  https://api.open-meteo.com/v1/forecast?latitude=31.63&longitude=-8.00&current_weather=true
2026-01-11 11:58:23,447 - data_ingestion - INFO - log_ingestion_success:109 - Successfully ingested 1 records from api:  https://api.open-meteo.com/v1/forecast?latitude=31.63&longitude=-8.00&current_weather=true. Dataset ID: 8d40b3bd-e967-4e40-acd3-13cf5de8a535
2026-01-11 11:58:23,449 - data_ingestion - INFO - log_performance_metrics:175 - Performance: api_ingestion completed in 1.31s. Processed 1 records at 0.76 records/sec
2026-01-11 12:23:02,832 - data_ingestion - INFO - log_ingestion_attempt:95 - Starting ingestion from upload: unknown
2026-01-11 12:23:03,001 - data_ingestion - INFO - log_ingestion_success:109 - Successfully ingested 891 records from upload: unknown. Dataset ID: 35bcc8a6-e2eb-4ca3-b3da-08b99914d1af
2026-01-11 12:23:03,002 - data_ingestion - INFO - log_performance_metrics:175 - Performance: upload_ingestion completed in 0.17s. Processed 891 records at 5271.18 records/sec
2026-01-11 12:28:17,872 - data_ingestion - INFO - log_ingestion_attempt:95 - Starting ingestion from upload: unknown
2026-01-11 12:28:18,006 - data_ingestion - INFO - log_ingestion_success:109 - Successfully ingested 418 records from upload: unknown. Dataset ID: 3db4435e-f52f-4053-9ede-76ae4a235a2c
2026-01-11 12:28:18,010 - data_ingestion - INFO - log_performance_metrics:175 - Performance: upload_ingestion completed in 0.13s. Processed 418 records at 3133.06 records/sec
2026-01-11 12:29:39,282 - data_ingestion - INFO - log_ingestion_attempt:95 - Starting ingestion from upload: unknown
2026-01-11 12:29:39,457 - data_ingestion - INFO - log_ingestion_success:109 - Successfully ingested 891 records from upload: unknown. Dataset ID: 4c841083-b1f1-435a-9dc9-2c61ba344261
2026-01-11 12:29:39,462 - data_ingestion - INFO - log_performance_metrics:175 - Performance: upload_ingestion completed in 0.17s. Processed 891 records at 5103.37 records/sec
2026-01-11 12:32:40,447 - data_ingestion - INFO - log_ingestion_attempt:95 - Starting ingestion from upload: unknown
2026-01-11 12:32:40,612 - data_ingestion - INFO - log_ingestion_success:109 - Successfully ingested 891 records from upload: unknown. Dataset ID: 8d25931e-7e81-4003-a4a8-05527f5ec986
2026-01-11 12:32:40,612 - data_ingestion - INFO - log_performance_metrics:175 - Performance: upload_ingestion completed in 0.17s. Processed 891 records at 5390.59 records/sec
2026-01-11 12:36:08,928 - data_ingestion - INFO - log_ingestion_attempt:95 - Starting ingestion from upload: unknown
2026-01-11 12:36:09,086 - data_ingestion - INFO - log_ingestion_success:109 - Successfully ingested 891 records from upload: unknown. Dataset ID: cb61c58a-0f60-4c21-ac1c-2e90f82692cc
2026-01-11 12:36:09,087 - data_ingestion - INFO - log_performance_metrics:175 - Performance: upload_ingestion completed in 0.16s. Processed 891 records at 5636.45 records/sec
2026-01-11 12:43:17,433 - data_ingestion - INFO - log_ingestion_attempt:95 - Starting ingestion from upload: unknown
2026-01-11 12:43:17,715 - data_ingestion - INFO - log_ingestion_success:109 - Successfully ingested 891 records from upload: unknown. Dataset ID: a75bf236-3fd4-4fe8-a0e2-fe1420c3bcf5
2026-01-11 12:43:17,720 - data_ingestion - INFO - log_performance_metrics:175 - Performance: upload_ingestion completed in 0.28s. Processed 891 records at 3155.55 records/sec
2026-01-11 13:50:02,383 - data_ingestion - INFO - log_ingestion_attempt:95 - Starting ingestion from upload: unknown
2026-01-11 13:50:02,609 - data_ingestion - INFO - log_ingestion_success:109 - Successfully ingested 891 records from upload: unknown. Dataset ID: a95ee89e-01ba-4ab0-b796-227e05da2e3c
2026-01-11 13:50:02,610 - data_ingestion - INFO - log_performance_metrics:175 - Performance: upload_ingestion completed in 0.23s. Processed 891 records at 3939.92 records/sec
2026-01-11 13:55:24,489 - data_ingestion - INFO - log_ingestion_attempt:95 - Starting ingestion from upload: unknown
2026-01-11 13:55:25,812 - data_ingestion - INFO - log_ingestion_success:109 - Successfully ingested 891 records from upload: unknown. Dataset ID: 90eee6e5-26ef-4700-8ba4-509c91ea8861
2026-01-11 13:55:25,815 - data_ingestion - INFO - log_performance_metrics:175 - Performance: upload_ingestion completed in 1.32s. Processed 891 records at 673.38 records/sec
2026-01-11 13:55:37,333 - data_ingestion - INFO - log_ingestion_attempt:95 - Starting ingestion from upload: unknown
2026-01-11 13:55:37,509 - data_ingestion - INFO - log_ingestion_success:109 - Successfully ingested 891 records from upload: unknown. Dataset ID: 49efb7f8-345b-4a02-8a6f-905aa4bfe4f8
2026-01-11 13:55:37,511 - data_ingestion - INFO - log_performance_metrics:175 - Performance: upload_ingestion completed in 0.18s. Processed 891 records at 5076.40 records/sec
2026-01-11 14:02:32,944 - data_ingestion - INFO - log_ingestion_attempt:95 - Starting ingestion from upload: unknown
2026-01-11 14:02:33,172 - data_ingestion - INFO - log_ingestion_success:109 - Successfully ingested 891 records from upload: unknown. Dataset ID: b7bfe892-bfa8-46d7-83f0-ea3b6ab91865
2026-01-11 14:02:33,172 - data_ingestion - INFO - log_performance_metrics:175 - Performance: upload_ingestion completed in 0.23s. Processed 891 records at 3920.48 records/sec
2026-01-11 14:07:41,239 - data_ingestion - INFO - log_ingestion_attempt:95 - Starting ingestion from upload: unknown
2026-01-11 14:07:41,368 - data_ingestion - INFO - log_ingestion_success:109 - Successfully ingested 891 records from upload: unknown. Dataset ID: f2bd84ff-df8f-4cd4-8ee9-185cc6bc62ea
2026-01-11 14:07:41,369 - data_ingestion - INFO - log_performance_metrics:175 - Performance: upload_ingestion completed in 0.13s. Processed 891 records at 6934.28 records/sec
2026-01-11 14:12:08,035 - data_ingestion - INFO - log_ingestion_attempt:95 - Starting ingestion from upload: unknown
2026-01-11 14:12:08,178 - data_ingestion - INFO - log_ingestion_success:109 - Successfully ingested 891 records from upload: unknown. Dataset ID: dd81c684-9bbc-44af-adaa-638445d85732
2026-01-11 14:12:08,178 - data_ingestion - INFO - log_performance_metrics:175 - Performance: upload_ingestion completed in 0.14s. Processed 891 records at 6246.11 records/sec
2026-01-11 14:13:54,095 - data_ingestion - INFO - log_ingestion_attempt:95 - Starting ingestion from upload: unknown
2026-01-11 14:13:54,219 - data_ingestion - INFO - log_ingestion_success:109 - Successfully ingested 891 records from upload: unknown. Dataset ID: 4e95537e-f100-4bc7-94eb-d92f48567c62
2026-01-11 14:13:54,219 - data_ingestion - INFO - log_performance_metrics:175 - Performance: upload_ingestion completed in 0.12s. Processed 891 records at 7219.80 records/sec
2026-01-11 14:14:33,389 - data_ingestion - INFO - log_ingestion_attempt:95 - Starting ingestion from upload: unknown
2026-01-11 14:14:33,501 - data_ingestion - INFO - log_ingestion_success:109 - Successfully ingested 891 records from upload: unknown. Dataset ID: 5850c317-dd23-4974-9910-f759a7846de1
2026-01-11 14:14:33,501 - data_ingestion - INFO - log_performance_metrics:175 - Performance: upload_ingestion completed in 0.11s. Processed 891 records at 7949.40 records/sec
2026-01-11 14:17:53,622 - data_ingestion - INFO - log_ingestion_attempt:95 - Starting ingestion from upload: unknown
2026-01-11 14:17:53,780 - data_ingestion - INFO - log_ingestion_success:109 - Successfully ingested 891 records from upload: unknown. Dataset ID: aa34068e-2366-4dab-abf0-2a9e895fb178
2026-01-11 14:17:53,780 - data_ingestion - INFO - log_performance_metrics:175 - Performance: upload_ingestion completed in 0.15s. Processed 891 records at 5803.45 records/sec
